ARM Linker, 4.1 [Build 894] [Standard]

==============================================================================

Section Cross References

    startup_stm32f4xx.o(RESET) refers to startup_stm32f4xx.o(STACK) for __initial_sp
    startup_stm32f4xx.o(RESET) refers to startup_stm32f4xx.o(.text) for Reset_Handler
    startup_stm32f4xx.o(RESET) refers to stm32f4xx_it.o(i.NMI_Handler) for NMI_Handler
    startup_stm32f4xx.o(RESET) refers to stm32f4xx_it.o(i.HardFault_Handler) for HardFault_Handler
    startup_stm32f4xx.o(RESET) refers to stm32f4xx_it.o(i.MemManage_Handler) for MemManage_Handler
    startup_stm32f4xx.o(RESET) refers to stm32f4xx_it.o(i.BusFault_Handler) for BusFault_Handler
    startup_stm32f4xx.o(RESET) refers to stm32f4xx_it.o(i.UsageFault_Handler) for UsageFault_Handler
    startup_stm32f4xx.o(RESET) refers to stm32f4xx_it.o(i.SVC_Handler) for SVC_Handler
    startup_stm32f4xx.o(RESET) refers to stm32f4xx_it.o(i.DebugMon_Handler) for DebugMon_Handler
    startup_stm32f4xx.o(RESET) refers to stm32f4xx_it.o(i.PendSV_Handler) for PendSV_Handler
    startup_stm32f4xx.o(RESET) refers to stm32f4xx_it.o(i.SysTick_Handler) for SysTick_Handler
    startup_stm32f4xx.o(.text) refers to system_stm32f4xx.o(i.SystemInit) for SystemInit
    startup_stm32f4xx.o(.text) refers to entry.o(.ARM.Collect$$$$00000000) for __main
    system_stm32f4xx.o(i.SystemCoreClockUpdate) refers to system_stm32f4xx.o(.data) for SystemCoreClock
    system_stm32f4xx.o(i.SystemInit) refers to system_stm32f4xx.o(i.SetSysClock) for SetSysClock
    nanovm.o(i.main) refers to native_impl.o(i.native_init) for native_init
    nanovm.o(i.main) refers to nvmfile.o(i.nvmfile_init) for nvmfile_init
    nanovm.o(i.main) refers to vm.o(i.vm_init) for vm_init
    nanovm.o(i.main) refers to nvmfile.o(i.nvmfile_call_main) for nvmfile_call_main
    stm32f4xx_it.o(i.SysTick_Handler) refers to pwm.o(i.motor_pwm_generate) for motor_pwm_generate
    stm32f4xx_it.o(i.SysTick_Handler) refers to pwm.o(i.servo_pwm_generate) for servo_pwm_generate
    array.o(i.array_baload) refers to heap.o(i.heap_get_addr) for heap_get_addr
    array.o(i.array_bastore) refers to heap.o(i.heap_get_addr) for heap_get_addr
    array.o(i.array_faload) refers to heap.o(i.heap_get_addr) for heap_get_addr
    array.o(i.array_fastore) refers to heap.o(i.heap_get_addr) for heap_get_addr
    array.o(i.array_iaload) refers to heap.o(i.heap_get_addr) for heap_get_addr
    array.o(i.array_iastore) refers to heap.o(i.heap_get_addr) for heap_get_addr
    array.o(i.array_length) refers to heap.o(i.heap_get_len) for heap_get_len
    array.o(i.array_length) refers to heap.o(i.heap_get_addr) for heap_get_addr
    array.o(i.array_length) refers to array.o(i.array_typelen) for array_typelen
    array.o(i.array_new) refers to array.o(i.array_typelen) for array_typelen
    array.o(i.array_new) refers to heap.o(i.heap_alloc) for heap_alloc
    array.o(i.array_new) refers to heap.o(i.heap_get_addr) for heap_get_addr
    array.o(i.array_typelen) refers to error.o(i.error) for error
    error.o(i.error) refers to uart.o(i.uart_putc) for uart_putc
    heap.o(i.heap_alloc) refers to heap.o(i.heap_new_id) for heap_new_id
    heap.o(i.heap_alloc) refers to heap.o(i.heap_alloc_internal) for heap_alloc_internal
    heap.o(i.heap_alloc) refers to heap.o(i.heap_garbage_collect) for heap_garbage_collect
    heap.o(i.heap_alloc) refers to error.o(i.error) for error
    heap.o(i.heap_alloc_internal) refers to heap.o(.bss) for heap
    heap.o(i.heap_alloc_internal) refers to heap.o(.data) for heap_base
    heap.o(i.heap_fieldref) refers to heap.o(.data) for heap_base
    heap.o(i.heap_fieldref) refers to heap.o(.bss) for heap
    heap.o(i.heap_garbage_collect) refers to stack.o(i.stack_heap_id_in_use) for stack_heap_id_in_use
    heap.o(i.heap_garbage_collect) refers to heap.o(i.heap_fieldref) for heap_fieldref
    heap.o(i.heap_garbage_collect) refers to heap.o(i.heap_memcpy_up) for heap_memcpy_up
    heap.o(i.heap_garbage_collect) refers to error.o(i.error) for error
    heap.o(i.heap_garbage_collect) refers to heap.o(.data) for heap_base
    heap.o(i.heap_garbage_collect) refers to heap.o(.bss) for heap
    heap.o(i.heap_get_addr) refers to heap.o(i.heap_search) for heap_search
    heap.o(i.heap_get_addr) refers to error.o(i.error) for error
    heap.o(i.heap_get_base) refers to heap.o(.bss) for heap
    heap.o(i.heap_get_len) refers to heap.o(i.heap_search) for heap_search
    heap.o(i.heap_get_len) refers to error.o(i.error) for error
    heap.o(i.heap_init) refers to heap.o(.bss) for heap
    heap.o(i.heap_new_id) refers to heap.o(i.heap_search) for heap_search
    heap.o(i.heap_realloc) refers to heap.o(i.heap_garbage_collect) for heap_garbage_collect
    heap.o(i.heap_realloc) refers to heap.o(i.heap_search) for heap_search
    heap.o(i.heap_realloc) refers to heap.o(i.heap_alloc_internal) for heap_alloc_internal
[...]
    i.pid_reset                              0x080066ec   Section        0  pid.o(i.pid_reset)
    i.servo_pwm_generate                     0x08006708   Section        0  pwm.o(i.servo_pwm_generate)
    i.servo_pwm_init                         0x08006770   Section        0  pwm.o(i.servo_pwm_init)
    i.servo_release                          0x080067b0   Section        0  pwm.o(i.servo_release)
    i.set_motor_speed                        0x080067d4   Section        0  pwm.o(i.set_motor_speed)
    i.set_servo_position                     0x080067f0   Section        0  pwm.o(i.set_servo_position)
    i.shift_clear                            0x0800680c   Section        0  shift.o(i.shift_clear)
    i.shift_data                             0x0800680e   Section        0  shift.o(i.shift_data)
    i.shift_data_out                         0x08006824   Section        0  shift.o(i.shift_data_out)
    i.sqrt                                   0x08006826   Section        0  sqrt.o(i.sqrt)
    i.stack_add_sp                           0x08006894   Section        0  stack.o(i.stack_add_sp)
    i.stack_get_sp                           0x080068a8   Section        0  stack.o(i.stack_get_sp)
    i.stack_get_static                       0x080068b4   Section        0  stack.o(i.stack_get_static)
    i.stack_heap_id_in_use                   0x080068c4   Section        0  stack.o(i.stack_heap_id_in_use)
    i.stack_init                             0x08006904   Section        0  stack.o(i.stack_init)
    i.stack_is_empty                         0x08006938   Section        0  stack.o(i.stack_is_empty)
    i.stack_peek                             0x08006954   Section        0  stack.o(i.stack_peek)
    i.stack_peek_addr                        0x08006968   Section        0  stack.o(i.stack_peek_addr)
    i.stack_peek_float                       0x08006980   Section        0  stack.o(i.stack_peek_float)
    i.stack_peek_int                         0x08006998   Section        0  stack.o(i.stack_peek_int)
    i.stack_pop                              0x080069b0   Section        0  stack.o(i.stack_pop)
    i.stack_pop_addr                         0x080069c8   Section        0  stack.o(i.stack_pop_addr)
    i.stack_pop_float                        0x080069e4   Section        0  stack.o(i.stack_pop_float)
    i.stack_pop_int                          0x08006a00   Section        0  stack.o(i.stack_pop_int)
    i.stack_push                             0x08006a1c   Section        0  stack.o(i.stack_push)
    i.stack_save_base                        0x08006a30   Section        0  stack.o(i.stack_save_base)
    i.stack_set_static                       0x08006a40   Section        0  stack.o(i.stack_set_static)
    i.uart_available                         0x08006a50   Section        0  uart.o(i.uart_available)
    i.uart_init                              0x08006a54   Section        0  uart.o(i.uart_init)
    i.uart_putc                              0x08006aa0   Section        0  uart.o(i.uart_putc)
    i.uart_read_byte                         0x08006ac0   Section        0  uart.o(i.uart_read_byte)
    i.utils_memcpy                           0x08006ac4   Section        0  utils.o(i.utils_memcpy)
    i.utils_strlen                           0x08006ae0   Section        0  utils.o(i.utils_strlen)
    i.vm_get_addr                            0x08006af4   Section        0  vm.o(i.vm_get_addr)
    i.vm_init                                0x08006b22   Section        0  vm.o(i.vm_init)
    i.vm_new                                 0x08006b3a   Section        0  vm.o(i.vm_new)
    i.vm_run                                 0x08006b78   Section        0  vm.o(i.vm_run)
    i.wheelencoder_init                      0x080075e0   Section        0  wheelencoder.o(i.wheelencoder_init)
    .constdata                               0x0800762c   Section       48  uart.o(.constdata)
    .constdata                               0x0800765c   Section       37  stm32f4_discovery.o(.constdata)
    .constdata                               0x08007688   Section       80  acos.o(.constdata)
    pS                                       0x08007688   Data          48  acos.o(.constdata)
    qS                                       0x080076b8   Data          32  acos.o(.constdata)
    .constdata                               0x080076d8   Section       80  asin.o(.constdata)
    pS                                       0x080076d8   Data          48  asin.o(.constdata)
    qS                                       0x08007708   Data          32  asin.o(.constdata)
    .constdata                               0x08007728   Section      152  atan.o(.constdata)
    atanhi                                   0x08007728   Data          32  atan.o(.constdata)
    atanlo                                   0x08007748   Data          32  atan.o(.constdata)
    aTodd                                    0x08007768   Data          40  atan.o(.constdata)
    aTeven                                   0x08007790   Data          48  atan.o(.constdata)
    .constdata                               0x080077c0   Section       88  exp.o(.constdata)
    halF                                     0x080077c0   Data          16  exp.o(.constdata)
    ln2HI                                    0x080077d0   Data          16  exp.o(.constdata)
    ln2LO                                    0x080077e0   Data          16  exp.o(.constdata)
    P                                        0x080077f0   Data          40  exp.o(.constdata)
    .constdata                               0x08007818   Section       56  log.o(.constdata)
    Lg2                                      0x08007818   Data          24  log.o(.constdata)
    Lg                                       0x08007830   Data          32  log.o(.constdata)
    .constdata                               0x08007850   Section      136  pow.o(.constdata)
    bp                                       0x08007850   Data          16  pow.o(.constdata)
    dp_h                                     0x08007860   Data          16  pow.o(.constdata)
    dp_l                                     0x08007870   Data          16  pow.o(.constdata)
    L                                        0x08007880   Data          48  pow.o(.constdata)
    P                                        0x080078b0   Data          40  pow.o(.constdata)
    .constdata                               0x080078d8   Section       48  cos_i.o(.constdata)
    C                                        0x080078d8   Data          48  cos_i.o(.constdata)
    .constdata                               0x08007908   Section        8  qnan.o(.constdata)
    .constdata                               0x08007910   Section      200  rred.o(.constdata)
    pio2s                                    0x08007910   Data          48  rred.o(.constdata)
    twooverpi                                0x08007940   Data         152  rred.o(.constdata)
    .constdata                               0x080079d8   Section       40  sin_i.o(.constdata)
    S                                        0x080079d8   Data          40  sin_i.o(.constdata)
    .constdata                               0x08007a00   Section       96  tan_i.o(.constdata)
    Todd                                     0x08007a00   Data          48  tan_i.o(.constdata)
    Teven                                    0x08007a30   Data          48  tan_i.o(.constdata)
    .data                                    0x20000000   Section       20  system_stm32f4xx.o(.data)
    .data                                    0x20000014   Section        2  heap.o(.data)
    .data                                    0x20000016   Section     8193  nvmfile.o(.data)
    nvmfile                                  0x20000016   Data        8192  nvmfile.o(.data)
    .data                                    0x20002018   Section       12  stack.o(.data)
    stack                                    0x20002018   Data           4  stack.o(.data)
    sp                                       0x2000201c   Data           4  stack.o(.data)
    stackbase                                0x20002020   Data           4  stack.o(.data)
    .data                                    0x20002024   Section       37  uart.o(.data)
    .data                                    0x2000204c   Section        4  vm.o(.data)
    .data                                    0x20002050   Section       24  stm32f4_discovery.o(.data)
    .data                                    0x20002068   Section       16  stm32f4xx_rcc.o(.data)
    APBAHBPrescTable                         0x20002068   Data          16  stm32f4xx_rcc.o(.data)
    .data                                    0x20002078   Section       32  adc.o(.data)
    .data                                    0x20002098   Section        8  ir_rc5.o(.data)
    ir_lastsample                            0x20002098   Data           1  ir_rc5.o(.data)
    ir_bittimer                              0x20002099   Data           1  ir_rc5.o(.data)
    ir_data_tmp                              0x2000209a   Data           2  ir_rc5.o(.data)
    ir_bitcount                              0x2000209c   Data           1  ir_rc5.o(.data)
    .data                                    0x200020a0   Section        1  mouse.o(.data)
    firstRead                                0x200020a0   Data           1  mouse.o(.data)
    .data                                    0x200020a2   Section        4  native_distancesensor.o(.data)
    .data                                    0x200020a6   Section        4  native_edgedetector.o(.data)
    .data                                    0x200020aa   Section        4  native_ldrsensor.o(.data)
    .data                                    0x200020b0   Section        4  native_leds.o(.data)
    leds                                     0x200020b0   Data           4  native_leds.o(.data)
    .data                                    0x200020b4   Section       16  native_linedetector.o(.data)
    .data                                    0x200020c4   Section       24  pid.o(.data)
    pid_left_sum                             0x200020d0   Data           2  pid.o(.data)
    pid_right_sum                            0x200020d2   Data           2  pid.o(.data)
    pid_dir_sum                              0x200020d4   Data           2  pid.o(.data)
    pid_left_last                            0x200020d6   Data           2  pid.o(.data)
    pid_right_last                           0x200020d8   Data           2  pid.o(.data)
    pid_left_hist_pos                        0x200020da   Data           1  pid.o(.data)
    pid_right_hist_pos                       0x200020db   Data           1  pid.o(.data)
    .data                                    0x200020dc   Section       48  pwm.o(.data)
    .data                                    0x2000210c   Section        2  shift.o(.data)
    .data                                    0x2000210e   Section       10  wheelencoder.o(.data)
    .data                                    0x20002118   Section        4  rand.o(.data)
    _rand_state                              0x20002118   Data           4  rand.o(.data)
    .data                                    0x2000211c   Section        4  errno.o(.data)
    _errno                                   0x2000211c   Data           4  errno.o(.data)
    .bss                                     0x20002120   Section     1024  heap.o(.bss)
    .bss                                     0x20002520   Section       16  uart.o(.bss)
    .bss                                     0x20002530   Section       96  pwm.o(.bss)
    STACK                                    0x20002590   Section     1024  startup_stm32f4xx.o(STACK)

    Global Symbols

    Symbol Name                              Value     Ov Type        Size  Object(Section)

    BuildAttributes$$THM_ISAv4$E$P$D$K$B$S$7EM$VFPi3$EXTD16$VFPS$VFMA$PE$A:L22UL41UL21$X:L11$S22US41US21$IEEE1$IW$USESV6$~STKCKD$USESV7$~SHL$OTIME$ROPI$IEEEX$EBA8$MICROLIB$REQ8$PRES8$EABIv2 0x00000000   Number         0  anon$$obj.o ABSOLUTE
    __ARM_use_no_argv                        0x00000000   Number         0  nanovm.o ABSOLUTE
    _clock_init                               - Undefined Weak Reference
    __Vectors_Size                           0x00000188   Number         0  startup_stm32f4xx.o ABSOLUTE
    __Vectors                                0x08000000   Data           4  startup_stm32f4xx.o(RESET)
    __Vectors_End                            0x08000188   Data           0  startup_stm32f4xx.o(RESET)
    __main                                   0x08000189   Thumb Code     0  entry.o(.ARM.Collect$$$$00000000)
    _main_stk                                0x08000189   Thumb Code     0  entry2.o(.ARM.Collect$$$$00000001)
    _main_scatterload                        0x0800018d   Thumb Code     0  entry5.o(.ARM.Collect$$$$00000004)
    __main_after_scatterload                 0x08000191   Thumb Code     0  entry5.o(.ARM.Collect$$$$00000004)
    _main_clock                              0x08000191   Thumb Code     0  entry7b.o(.ARM.Collect$$$$00000008)
    _main_init                               0x08000191   Thumb Code     0  entry8.o(.ARM.Collect$$$$00000009)
    Reset_Handler                            0x0800019d   Thumb Code     8  startup_stm32f4xx.o(.text)
    ADC_IRQHandler                           0x080001b7   Thumb Code     0  startup_stm32f4xx.o(.text)
    CAN1_RX0_IRQHandler                      0x080001b7   Thumb Code     0  startup_stm32f4xx.o(.text)
    CAN1_RX1_IRQHandler                      0x080001b7   Thumb Code     0  startup_stm32f4xx.o(.text)
    CAN1_SCE_IRQHandler                      0x080001b7   Thumb Code     0  startup_stm32f4xx.o(.text)
    CAN1_TX_IRQHandler                       0x080001b7   Thumb Code     0  startup_stm32f4xx.o(.text)
    CAN2_RX0_IRQHandler                      0x080001b7   Thumb Code     0  startup_stm32f4xx.o(.text)
    CAN2_RX1_IRQHandler                      0x080001b7   Thumb Code     0  startup_stm32f4xx.o(.text)
    CAN2_SCE_IRQHandler                      0x080001b7   Thumb Code     0  startup_stm32f4xx.o(.text)
    CAN2_TX_IRQHandler                       0x080001b7   Thumb Code     0  startup_stm32f4xx.o(.text)
    CRYP_IRQHandler                          0x080001b7   Thumb Code     0  startup_stm32f4xx.o(.text)
    DCMI_IRQHandler                          0x080001b7   Thumb Code     0  startup_stm32f4xx.o(.text)
    DMA1_Stream0_IRQHandler                  0x080001b7   Thumb Code     0  startup_stm32f4xx.o(.text)
    DMA1_Stream1_IRQHandler                  0x080001b7   Thumb Code     0  startup_stm32f4xx.o(.text)
    DMA1_Stream2_IRQHandler                  0x080001b7   Thumb Code     0  startup_stm32f4xx.o(.text)
    DMA1_Stream3_IRQHandler                  0x080001b7   Thumb Code     0  startup_stm32f4xx.o(.text)
    DMA1_Stream4_IRQHandler                  0x080001b7   Thumb Code     0  startup_stm32f4xx.o(.text)
    DMA1_Stream5_IRQHandler                  0x080001b7   Thumb Code     0  startup_stm32f4xx.o(.text)
    DMA1_Stream6_IRQHandler                  0x080001b7   Thumb Code     0  startup_stm32f4xx.o(.text)
    DMA1_Stream7_IRQHandler                  0x080001b7   Thumb Code     0  startup_stm32f4xx.o(.text)
    DMA2_Stream0_IRQHandler                  0x080001b7   Thumb Code     0  startup_stm32f4xx.o(.text)
    DMA2_Stream1_IRQHandler                  0x080001b7   Thumb Code     0  startup_stm32f4xx.o(.text)
    DMA2_Stream2_IRQHandler                  0x080001b7   Thumb Code     0  startup_stm32f4xx.o(.text)
    DMA2_Stream3_IRQHandler                  0x080001b7   Thumb Code     0  startup_stm32f4xx.o(.text)
    DMA2_Stream4_IRQHandler                  0x080001b7   Thumb Code     0  startup_stm32f4xx.o(.text)
    DMA2_Stream5_IRQHandler                  0x080001b7   Thumb Code     0  startup_stm32f4xx.o(.text)
    DMA2_Stream6_IRQHandler                  0x080001b7   Thumb Code     0  startup_stm32f4xx.o(.text)
    DMA2_Stream7_IRQHandler                  0x080001b7   Thumb Code     0  startup_stm32f4xx.o(.text)
    ETH_IRQHandler                           0x080001b7   Thumb Code     0  startup_stm32f4xx.o(.text)
    ETH_WKUP_IRQHandler                      0x080001b7   Thumb Code     0  startup_stm32f4xx.o(.text)
    EXTI0_IRQHandler                         0x080001b7   Thumb Code     0  startup_stm32f4xx.o(.text)
    EXTI15_10_IRQHandler                     0x080001b7   Thumb Code     0  startup_stm32f4xx.o(.text)
    EXTI1_IRQHandler                         0x080001b7   Thumb Code     0  startup_stm32f4xx.o(.text)
    EXTI2_IRQHandler                         0x080001b7   Thumb Code     0  startup_stm32f4xx.o(.text)
    EXTI3_IRQHandler                         0x080001b7   Thumb Code     0  startup_stm32f4xx.o(.text)
    EXTI4_IRQHandler                         0x080001b7   Thumb Code     0  startup_stm32f4xx.o(.text)
    EXTI9_5_IRQHandler                       0x080001b7   Thumb Code     0  startup_stm32f4xx.o(.text)
    FLASH_IRQHandler                         0x080001b7   Thumb Code     0  startup_stm32f4xx.o(.text)
    FPU_IRQHandler                           0x080001b7   Thumb Code     0  startup_stm32f4xx.o(.text)
    FSMC_IRQHandler                          0x080001b7   Thumb Code     0  startup_stm32f4xx.o(.text)
    HASH_RNG_IRQHandler                      0x080001b7   Thumb Code     0  startup_stm32f4xx.o(.text)
    I2C1_ER_IRQHandler                       0x080001b7   Thumb Code     0  startup_stm32f4xx.o(.text)
    I2C1_EV_IRQHandler                       0x080001b7   Thumb Code     0  startup_stm32f4xx.o(.text)
    I2C2_ER_IRQHandler                       0x080001b7   Thumb Code     0  startup_stm32f4xx.o(.text)
    I2C2_EV_IRQHandler                       0x080001b7   Thumb Code     0  startup_stm32f4xx.o(.text)
    I2C3_ER_IRQHandler                       0x080001b7   Thumb Code     0  startup_stm32f4xx.o(.text)
    I2C3_EV_IRQHandler                       0x080001b7   Thumb Code     0  startup_stm32f4xx.o(.text)
    OTG_FS_IRQHandler                        0x080001b7   Thumb Code     0  startup_stm32f4xx.o(.text)
    OTG_FS_WKUP_IRQHandler                   0x080001b7   Thumb Code     0  startup_stm32f4xx.o(.text)
    OTG_HS_EP1_IN_IRQHandler                 0x080001b7   Thumb Code     0  startup_stm32f4xx.o(.text)
    OTG_HS_EP1_OUT_IRQHandler                0x080001b7   Thumb Code     0  startup_stm32f4xx.o(.text)
    OTG_HS_IRQHandler                        0x080001b7   Thumb Code     0  startup_stm32f4xx.o(.text)
    OTG_HS_WKUP_IRQHandler                   0x080001b7   Thumb Code     0  startup_stm32f4xx.o(.text)
    PVD_IRQHandler                           0x080001b7   Thumb Code     0  startup_stm32f4xx.o(.text)
    RCC_IRQHandler                           0x080001b7   Thumb Code     0  startup_stm32f4xx.o(.text)
    RTC_Alarm_IRQHandler                     0x080001b7   Thumb Code     0  startup_stm32f4xx.o(.text)
    RTC_WKUP_IRQHandler                      0x080001b7   Thumb Code     0  startup_stm32f4xx.o(.text)
    SDIO_IRQHandler                          0x080001b7   Thumb Code     0  startup_stm32f4xx.o(.text)
    SPI1_IRQHandler                          0x080001b7   Thumb Code     0  startup_stm32f4xx.o(.text)
    SPI2_IRQHandler                          0x080001b7   Thumb Code     0  startup_stm32f4xx.o(.text)
    SPI3_IRQHandler                          0x080001b7   Thumb Code     0  startup_stm32f4xx.o(.text)
    TAMP_STAMP_IRQHandler                    0x080001b7   Thumb Code     0  startup_stm32f4xx.o(.text)
    TIM1_BRK_TIM9_IRQHandler                 0x080001b7   Thumb Code     0  startup_stm32f4xx.o(.text)
    TIM1_CC_IRQHandler                       0x080001b7   Thumb Code     0  startup_stm32f4xx.o(.text)
    TIM1_TRG_COM_TIM11_IRQHandler            0x080001b7   Thumb Code     0  startup_stm32f4xx.o(.text)
    TIM1_UP_TIM10_IRQHandler                 0x080001b7   Thumb Code     0  startup_stm32f4xx.o(.text)
    TIM2_IRQHandler                          0x080001b7   Thumb Code     0  startup_stm32f4xx.o(.text)
    TIM3_IRQHandler                          0x080001b7   Thumb Code     0  startup_stm32f4xx.o(.text)
    TIM4_IRQHandler                          0x080001b7   Thumb Code     0  startup_stm32f4xx.o(.text)
    TIM5_IRQHandler                          0x080001b7   Thumb Code     0  startup_stm32f4xx.o(.text)
    TIM6_DAC_IRQHandler                      0x080001b7   Thumb Code     0  startup_stm32f4xx.o(.text)
    TIM7_IRQHandler                          0x080001b7   Thumb Code     0  startup_stm32f4xx.o(.text)
    TIM8_BRK_TIM12_IRQHandler                0x080001b7   Thumb Code     0  startup_stm32f4xx.o(.text)
    TIM8_CC_IRQHandler                       0x080001b7   Thumb Code     0  startup_stm32f4xx.o(.text)
    TIM8_TRG_COM_TIM14_IRQHandler            0x080001b7   Thumb Code     0  startup_stm32f4xx.o(.text)
    TIM8_UP_TIM13_IRQHandler                 0x080001b7   Thumb Code     0  startup_stm32f4xx.o(.text)
    UART4_IRQHandler                         0x080001b7   Thumb Code     0  startup_stm32f4xx.o(.text)
    UART5_IRQHandler                         0x080001b7   Thumb Code     0  startup_stm32f4xx.o(.text)
    USART1_IRQHandler                        0x080001b7   Thumb Code     0  startup_stm32f4xx.o(.text)
    USART2_IRQHandler                        0x080001b7   Thumb Code     0  startup_stm32f4xx.o(.text)
    USART3_IRQHandler                        0x080001b7   Thumb Code     0  startup_stm32f4xx.o(.text)
    USART6_IRQHandler                        0x080001b7   Thumb Code     0  startup_stm32f4xx.o(.text)
    WWDG_IRQHandler                          0x080001b7   Thumb Code     0  startup_stm32f4xx.o(.text)
    rand                                     0x080001c1   Thumb Code    20  rand.o(.text)
    srand                                    0x080001d5   Thumb Code     6  rand.o(.text)
    __aeabi_memcpy                           0x080001e5   Thumb Code    36  memcpya.o(.text)
    __aeabi_memcpy4                          0x080001e5   Thumb Code     0  memcpya.o(.text)
    __aeabi_memcpy8                          0x080001e5   Thumb Code     0  memcpya.o(.text)
    __aeabi_dadd                             0x08000209   Thumb Code   320  dadd.o(.text)
    __aeabi_dsub                             0x08000349   Thumb Code     6  dadd.o(.text)
    __aeabi_drsub                            0x0800034f   Thumb Code     6  dadd.o(.text)
    __aeabi_dmul                             0x08000355   Thumb Code   224  dmul.o(.text)
    __aeabi_i2d                              0x08000435   Thumb Code    34  dflti.o(.text)
    __aeabi_d2iz                             0x08000457   Thumb Code    62  dfixi.o(.text)
    __aeabi_f2d                              0x08000495   Thumb Code    44  f2d.o(.text)
    __aeabi_d2f                              0x080004c1   Thumb Code    56  d2f.o(.text)
    __aeabi_llsl                             0x080004f9   Thumb Code    30  llshl.o(.text)
    _ll_shift_l                              0x080004f9   Thumb Code     0  llshl.o(.text)
    __aeabi_llsr                             0x08000517   Thumb Code    32  llushr.o(.text)
    _ll_ushift_r                             0x08000517   Thumb Code     0  llushr.o(.text)
    __aeabi_lasr                             0x08000537   Thumb Code    36  llsshr.o(.text)
    _ll_sshift_r                             0x08000537   Thumb Code     0  llsshr.o(.text)
    __I$use$fp                               0x0800055b   Thumb Code     0  iusefp.o(.text)
    _float_round                             0x0800055b   Thumb Code    18  fepilogue.o(.text)
    _float_epilogue                          0x0800056d   Thumb Code    90  fepilogue.o(.text)
    _double_round                            0x080005c7   Thumb Code    26  depilogue.o(.text)
    _double_epilogue                         0x080005e1   Thumb Code   164  depilogue.o(.text)
    __aeabi_ddiv                             0x08000685   Thumb Code   222  ddiv.o(.text)
    __ARM_scalbn                             0x08000763   Thumb Code    46  dscalb.o(.text)
    scalbn                                   0x08000763   Thumb Code     0  dscalb.o(.text)
    _dsqrt                                   0x08000791   Thumb Code   162  dsqrt.o(.text)
    __aeabi_cdcmpeq                          0x08000835   Thumb Code     0  cdcmple.o(.text)
    __aeabi_cdcmple                          0x08000835   Thumb Code    38  cdcmple.o(.text)
    __aeabi_cdrcmple                         0x0800085d   Thumb Code    38  cdrcmple.o(.text)
    __scatterload                            0x08000885   Thumb Code    28  init.o(.text)
    __scatterload_rt2                        0x08000885   Thumb Code     0  init.o(.text)
    __aeabi_ui2d                             0x080008a9   Thumb Code    26  dfltui.o(.text)
    __decompress                             0x080008c3   Thumb Code     0  __dczerorl2.o(.text)
    __decompress1                            0x080008c3   Thumb Code    92  __dczerorl2.o(.text)
    ADC_Cmd                                  0x0800091f   Thumb Code    22  adc.o(i.ADC_Cmd)
    ADC_CommonInit                           0x08000935   Thumb Code    44  adc.o(i.ADC_CommonInit)
    ADC_Conversion_Data                      0x0800096d   Thumb Code    42  adc.o(i.ADC_Conversion_Data)
    ADC_GetFlagStatus                        0x0800099d   Thumb Code    18  adc.o(i.ADC_GetFlagStatus)
    ADC_Init                                 0x080009b1   Thumb Code    74  adc.o(i.ADC_Init)
    ADC_RegularChannelConfig                 0x08000a05   Thumb Code   186  adc.o(i.ADC_RegularChannelConfig)
    ADC_SoftwareStartConv                    0x08000abf   Thumb Code    10  adc.o(i.ADC_SoftwareStartConv)
    BusFault_Handler                         0x08000ac9   Thumb Code     4  stm32f4xx_it.o(i.BusFault_Handler)
    DebugMon_Handler                         0x08000acd   Thumb Code     2  stm32f4xx_it.o(i.DebugMon_Handler)
    GPIO_Init                                0x08000acf   Thumb Code   144  stm32f4xx_gpio.o(i.GPIO_Init)
    GPIO_PinAFConfig                         0x08000b5f   Thumb Code    70  stm32f4xx_gpio.o(i.GPIO_PinAFConfig)
    GPIO_ResetBits                           0x08000ba5   Thumb Code     4  stm32f4xx_gpio.o(i.GPIO_ResetBits)
    GPIO_SetBits                             0x08000ba9   Thumb Code     4  stm32f4xx_gpio.o(i.GPIO_SetBits)
    GPIO_WriteBit                            0x08000bad   Thumb Code    10  stm32f4xx_gpio.o(i.GPIO_WriteBit)
    HardFault_Handler                        0x08000bb7   Thumb Code     4  stm32f4xx_it.o(i.HardFault_Handler)
    MemManage_Handler                        0x08000bbb   Thumb Code     4  stm32f4xx_it.o(i.MemManage_Handler)
    NMI_Handler                              0x08000bbf   Thumb Code     2  stm32f4xx_it.o(i.NMI_Handler)
    PendSV_Handler                           0x08000bc1   Thumb Code     2  stm32f4xx_it.o(i.PendSV_Handler)
    RCC_AHB1PeriphClockCmd                   0x08000bc5   Thumb Code    26  stm32f4xx_rcc.o(i.RCC_AHB1PeriphClockCmd)
    RCC_APB1PeriphClockCmd                   0x08000be5   Thumb Code    26  stm32f4xx_rcc.o(i.RCC_APB1PeriphClockCmd)
    RCC_APB2PeriphClockCmd                   0x08000c05   Thumb Code    26  stm32f4xx_rcc.o(i.RCC_APB2PeriphClockCmd)
    RCC_GetClocksFreq                        0x08000c25   Thumb Code   206  stm32f4xx_rcc.o(i.RCC_GetClocksFreq)
    STM_EVAL_COMInit                         0x08000d05   Thumb Code   190  uart.o(i.STM_EVAL_COMInit)
    STM_EVAL_LEDOn                           0x08000df5   Thumb Code    16  stm32f4_discovery.o(i.STM_EVAL_LEDOn)
    SVC_Handler                              0x08000e0d   Thumb Code     2  stm32f4xx_it.o(i.SVC_Handler)
    SysTick_Handler                          0x08000ee9   Thumb Code    12  stm32f4xx_it.o(i.SysTick_Handler)
    SystemInit                               0x08000ef5   Thumb Code    88  system_stm32f4xx.o(i.SystemInit)
    TIM_Cmd                                  0x08000f5d   Thumb Code    24  pwm.o(i.TIM_Cmd)
    TIM_Config                               0x08000f75   Thumb Code    76  native_clock.o(i.TIM_Config)
    TIM_TimeBaseInit                         0x08000fcd   Thumb Code   104  pwm.o(i.TIM_TimeBaseInit)
    USART_Cmd                                0x08001051   Thumb Code    24  stm32f4xx_usart.o(i.USART_Cmd)
    USART_GetFlagStatus                      0x08001069   Thumb Code    26  stm32f4xx_usart.o(i.USART_GetFlagStatus)
    USART_Init                               0x08001085   Thumb Code   204  stm32f4xx_usart.o(i.USART_Init)
    USART_SendData                           0x08001159   Thumb Code     8  stm32f4xx_usart.o(i.USART_SendData)
    UsageFault_Handler                       0x08001161   Thumb Code     4  stm32f4xx_it.o(i.UsageFault_Handler)
    __ARM_fpclassify                         0x08001165   Thumb Code    48  fpclassify.o(i.__ARM_fpclassify)
    __hardfp_acos                            0x08001199   Thumb Code   738  acos.o(i.__hardfp_acos)
    __hardfp_asin                            0x080014e9   Thumb Code   774  asin.o(i.__hardfp_asin)
    __hardfp_atan                            0x08001859   Thumb Code   636  atan.o(i.__hardfp_atan)
    __hardfp_atan2                           0x08001b41   Thumb Code   422  atan2.o(i.__hardfp_atan2)
    __hardfp_ceil                            0x08001d29   Thumb Code   252  ceil.o(i.__hardfp_ceil)
    __hardfp_cos                             0x08001e41   Thumb Code   200  cos.o(i.__hardfp_cos)
    __hardfp_exp                             0x08001f19   Thumb Code   726  exp.o(i.__hardfp_exp)
    __hardfp_fabs                            0x08002281   Thumb Code    20  fabs.o(i.__hardfp_fabs)
    __hardfp_floor                           0x08002299   Thumb Code   252  floor.o(i.__hardfp_floor)
    __hardfp_log                             0x080023b1   Thumb Code   888  log.o(i.__hardfp_log)
    __hardfp_pow                             0x08002799   Thumb Code  3148  pow.o(i.__hardfp_pow)
    __hardfp_sin                             0x08003441   Thumb Code   200  sin.o(i.__hardfp_sin)
    __hardfp_sqrt                            0x08003519   Thumb Code   120  sqrt.o(i.__hardfp_sqrt)
    __hardfp_tan                             0x08003591   Thumb Code   142  tan.o(i.__hardfp_tan)
    __ieee754_rem_pio2                       0x08003631   Thumb Code   962  rred.o(i.__ieee754_rem_pio2)
    __kernel_cos                             0x08003a81   Thumb Code   322  cos_i.o(i.__kernel_cos)
    __kernel_poly                            0x08003bf1   Thumb Code   248  poly.o(i.__kernel_poly)
    __kernel_sin                             0x08003ce9   Thumb Code   280  sin_i.o(i.__kernel_sin)
    __kernel_tan                             0x08003e19   Thumb Code   772  tan_i.o(i.__kernel_tan)
    __mathlib_dbl_underflow                  0x08004171   Thumb Code    24  dunder.o(i.__mathlib_dbl_underflow)
    __scatterload_copy                       0x08004191   Thumb Code    14  handlers.o(i.__scatterload_copy)
    __scatterload_null                       0x0800419f   Thumb Code     2  handlers.o(i.__scatterload_null)
    __scatterload_zeroinit                   0x080041a1   Thumb Code    14  handlers.o(i.__scatterload_zeroinit)
    __set_errno                              0x080041b1   Thumb Code     6  errno.o(i.__set_errno)
    _delay_ms                                0x080041bd   Thumb Code    24  delay.o(i._delay_ms)
    _delay_us                                0x080041d5   Thumb Code    24  delay.o(i._delay_us)
    adc_init                                 0x080041ed   Thumb Code   146  adc.o(i.adc_init)
    adc_read                                 0x08004291   Thumb Code    22  adc.o(i.adc_read)
    array_baload                             0x080042ad   Thumb Code    18  array.o(i.array_baload)
    array_bastore                            0x080042bf   Thumb Code    24  array.o(i.array_bastore)
    array_faload                             0x080042d7   Thumb Code    24  array.o(i.array_faload)
    array_fastore                            0x080042ef   Thumb Code    36  array.o(i.array_fastore)
    array_iaload                             0x08004313   Thumb Code    20  array.o(i.array_iaload)
    array_iastore                            0x08004327   Thumb Code    26  array.o(i.array_iastore)
    array_length                             0x08004341   Thumb Code    32  array.o(i.array_length)
    array_new                                0x08004361   Thumb Code    44  array.o(i.array_new)
    array_typelen                            0x0800438d   Thumb Code    46  array.o(i.array_typelen)
    atan                                     0x080043bb   Thumb Code    16  atan.o(i.atan)
    delay_ms                                 0x080043cd   Thumb Code    26  native_clock.o(i.delay_ms)
    delay_us                                 0x080043ed   Thumb Code    20  native_clock.o(i.delay_us)
    display_clear                            0x08004405   Thumb Code    16  display.o(i.display_clear)
    display_cmd                              0x08004415   Thumb Code     2  display.o(i.display_cmd)
    display_cursor                           0x08004417   Thumb Code    64  display.o(i.display_cursor)
    display_data                             0x08004457   Thumb Code     2  display.o(i.display_data)
    error                                    0x08004459   Thumb Code    46  error.o(i.error)
    fabs                                     0x08004487   Thumb Code    32  fabs.o(i.fabs)
    format_bool                              0x080044a9   Thumb Code    76  native_formatter.o(i.format_bool)
    format_float                             0x08004515   Thumb Code   684  native_formatter.o(i.format_float)
    format_int                               0x080047c1   Thumb Code   242  native_formatter.o(i.format_int)
    heap_alloc                               0x080048b3   Thumb Code    50  heap.o(i.heap_alloc)
    heap_alloc_internal                      0x080048e5   Thumb Code   118  heap.o(i.heap_alloc_internal)
    heap_fieldref                            0x08004965   Thumb Code    86  heap.o(i.heap_fieldref)
    heap_garbage_collect                     0x080049c5   Thumb Code   126  heap.o(i.heap_garbage_collect)
    heap_get_addr                            0x08004a4d   Thumb Code    24  heap.o(i.heap_get_addr)
    heap_get_base                            0x08004a65   Thumb Code     4  heap.o(i.heap_get_base)
    heap_get_len                             0x08004a6d   Thumb Code    28  heap.o(i.heap_get_len)
    heap_init                                0x08004a89   Thumb Code    24  heap.o(i.heap_init)
    heap_memcpy_up                           0x08004aa5   Thumb Code    32  heap.o(i.heap_memcpy_up)
    heap_new_id                              0x08004ac5   Thumb Code    30  heap.o(i.heap_new_id)
    heap_realloc                             0x08004ae5   Thumb Code    92  heap.o(i.heap_realloc)
    heap_search                              0x08004b49   Thumb Code    48  heap.o(i.heap_search)
    heap_steal                               0x08004b81   Thumb Code    88  heap.o(i.heap_steal)
    heap_unsteal                             0x08004be1   Thumb Code    78  heap.o(i.heap_unsteal)
    inttostr                                 0x08004c39   Thumb Code    54  native_formatter.o(i.inttostr)
    ir_init                                  0x08004c6f   Thumb Code     2  ir_rc5.o(i.ir_init)
    ir_read                                  0x08004c71   Thumb Code    12  ir_rc5.o(i.ir_read)
    main                                     0x08004c81   Thumb Code    20  nanovm.o(i.main)
    make_format_descr                        0x08004c95   Thumb Code   278  native_formatter.o(i.make_format_descr)
    maus_image_prepare                       0x08004dad   Thumb Code    26  mouse.o(i.maus_image_prepare)
    maus_image_read                          0x08004dcd   Thumb Code    46  mouse.o(i.maus_image_read)
    maus_sens_init                           0x08004e01   Thumb Code     2  mouse.o(i.maus_sens_init)
    maus_sens_read                           0x08004e03   Thumb Code    22  mouse.o(i.maus_sens_read)
    maus_sens_readByte                       0x08004e19   Thumb Code     4  mouse.o(i.maus_sens_readByte)
    maus_sens_write                          0x08004e1d   Thumb Code    34  mouse.o(i.maus_sens_write)
    maus_sens_writeByte                      0x08004e3f   Thumb Code     2  mouse.o(i.maus_sens_writeByte)
    motor_pwm_generate                       0x08004e41   Thumb Code   266  pwm.o(i.motor_pwm_generate)
    motor_pwm_init                           0x08004f5d   Thumb Code    56  pwm.o(i.motor_pwm_init)
    native_ctbot_bot_init                    0x08004f99   Thumb Code     2  native_bot.o(i.native_ctbot_bot_init)
    native_ctbot_bot_invoke                  0x08004f9d   Thumb Code   154  native_bot.o(i.native_ctbot_bot_invoke)
    native_ctbot_clock_init                  0x0800503d   Thumb Code     8  native_clock.o(i.native_ctbot_clock_init)
    native_ctbot_clock_invoke                0x08005045   Thumb Code    66  native_clock.o(i.native_ctbot_clock_invoke)
    native_ctbot_display_invoke              0x0800508d   Thumb Code   114  native_display.o(i.native_ctbot_display_invoke)
    native_ctbot_distsensor_init             0x080050ff   Thumb Code     2  native_distancesensor.o(i.native_ctbot_distsensor_init)
    native_ctbot_distsensor_invoke           0x08005101   Thumb Code   134  native_distancesensor.o(i.native_ctbot_distsensor_invoke)
    native_ctbot_edgedetector_init           0x08005195   Thumb Code     2  native_edgedetector.o(i.native_ctbot_edgedetector_init)
    native_ctbot_edgedetector_invoke         0x08005199   Thumb Code   134  native_edgedetector.o(i.native_ctbot_edgedetector_invoke)
    native_ctbot_irreceiver_init             0x0800522d   Thumb Code     8  native_irreceiver.o(i.native_ctbot_irreceiver_init)
    native_ctbot_irreceiver_invoke           0x08005235   Thumb Code    24  native_irreceiver.o(i.native_ctbot_irreceiver_invoke)
    native_ctbot_ldrsensor_init              0x0800524d   Thumb Code     2  native_ldrsensor.o(i.native_ctbot_ldrsensor_init)
    native_ctbot_ldrsensor_invoke            0x08005251   Thumb Code    70  native_ldrsensor.o(i.native_ctbot_ldrsensor_invoke)
    native_ctbot_leds_invoke                 0x080052a1   Thumb Code    54  native_leds.o(i.native_ctbot_leds_invoke)
    native_ctbot_lightbarrier_init           0x080052dd   Thumb Code     2  native_lightbarrier.o(i.native_ctbot_lightbarrier_init)
    native_ctbot_lightbarrier_invoke         0x080052e1   Thumb Code    88  native_lightbarrier.o(i.native_ctbot_lightbarrier_invoke)
    native_ctbot_linedetector_init           0x0800533d   Thumb Code     2  native_linedetector.o(i.native_ctbot_linedetector_init)
    native_ctbot_linedetector_invoke         0x08005341   Thumb Code   168  native_linedetector.o(i.native_ctbot_linedetector_invoke)
    native_ctbot_motor_init                  0x080053fd   Thumb Code     8  native_motor.o(i.native_ctbot_motor_init)
    native_ctbot_motor_invoke                0x08005405   Thumb Code   190  native_motor.o(i.native_ctbot_motor_invoke)
    native_ctbot_mouse_init                  0x080054d5   Thumb Code     8  native_mouse.o(i.native_ctbot_mouse_init)
    native_ctbot_mouse_invoke                0x080054dd   Thumb Code   122  native_mouse.o(i.native_ctbot_mouse_invoke)
    native_ctbot_servo_init                  0x08005557   Thumb Code     8  native_servo.o(i.native_ctbot_servo_init)
    native_ctbot_servo_invoke                0x0800555f   Thumb Code    56  native_servo.o(i.native_ctbot_servo_invoke)
    native_ctbot_shuttersensor_init          0x08005597   Thumb Code     2  native_shuttersensor.o(i.native_ctbot_shuttersensor_init)
    native_ctbot_shuttersensor_invoke        0x08005599   Thumb Code    88  native_shuttersensor.o(i.native_ctbot_shuttersensor_invoke)
    native_ctbot_wheelencoder_init           0x080055f5   Thumb Code     8  native_wheelencoder.o(i.native_ctbot_wheelencoder_init)
    native_ctbot_wheelencoder_invoke         0x080055fd   Thumb Code   156  native_wheelencoder.o(i.native_ctbot_wheelencoder_invoke)
    native_formatter_invoke                  0x080056ad   Thumb Code   322  native_formatter.o(i.native_formatter_invoke)
    native_ftoa                              0x080057f1   Thumb Code   144  native_stdio.o(i.native_ftoa)
    native_getchar                           0x08005885   Thumb Code    22  nvmstring.o(i.native_getchar)
    native_init                              0x0800589d   Thumb Code   166  native_impl.o(i.native_init)
    native_invoke                            0x08005951   Thumb Code   348  native_impl.o(i.native_invoke)
    native_itoa                              0x08005aad   Thumb Code    76  native_stdio.o(i.native_itoa)
    native_java_io_inputstream_invoke        0x08005afd   Thumb Code    48  native_stdio.o(i.native_java_io_inputstream_invoke)
    native_java_io_printstream_invoke        0x08005b2d   Thumb Code   150  native_stdio.o(i.native_java_io_printstream_invoke)
    native_java_lang_object_invoke           0x08005bc3   Thumb Code    20  native_impl.o(i.native_java_lang_object_invoke)
    native_java_lang_stringbuffer_invoke     0x08005bd7   Thumb Code   326  native_stdio.o(i.native_java_lang_stringbuffer_invoke)
    native_math_invoke                       0x08005d1d   Thumb Code  1454  native_math.o(i.native_math_invoke)
    native_new                               0x080062d9   Thumb Code    40  native_impl.o(i.native_new)
    native_strcat                            0x08006343   Thumb Code    26  nvmstring.o(i.native_strcat)
    native_strcpy                            0x0800635d   Thumb Code    48  nvmstring.o(i.native_strcpy)
    native_strlen                            0x0800638d   Thumb Code    50  nvmstring.o(i.native_strlen)
    native_strncpy                           0x080063bf   Thumb Code    66  nvmstring.o(i.native_strncpy)
    nvm_float2stack                          0x08006401   Thumb Code    98  vm.o(i.nvm_float2stack)
    nvm_stack2float                          0x08006463   Thumb Code   100  vm.o(i.nvm_stack2float)
    nvm_stack2int                            0x080064c7   Thumb Code    12  vm.o(i.nvm_stack2int)
    nvmfile_call_main                        0x080064d5   Thumb Code    64  nvmfile.o(i.nvmfile_call_main)
    nvmfile_get_addr                         0x08006519   Thumb Code    28  nvmfile.o(i.nvmfile_get_addr)
    nvmfile_get_class_fields                 0x08006539   Thumb Code    18  nvmfile.o(i.nvmfile_get_class_fields)
    nvmfile_get_constant                     0x08006551   Thumb Code    56  nvmfile.o(i.nvmfile_get_constant)
    nvmfile_get_method_by_class_and_id       0x08006591   Thumb Code    40  nvmfile.o(i.nvmfile_get_method_by_class_and_id)
    nvmfile_get_method_by_fixed_class_and_id 0x080065bd   Thumb Code    74  nvmfile.o(i.nvmfile_get_method_by_fixed_class_and_id)
    nvmfile_get_method_hdr                   0x0800660d   Thumb Code    24  nvmfile.o(i.nvmfile_get_method_hdr)
    nvmfile_get_static_fields                0x08006629   Thumb Code    10  nvmfile.o(i.nvmfile_get_static_fields)
    nvmfile_init                             0x08006639   Thumb Code    96  nvmfile.o(i.nvmfile_init)
    nvmfile_read                             0x080066a5   Thumb Code    24  nvmfile.o(i.nvmfile_read)
    nvmfile_read08                           0x080066bd   Thumb Code    18  nvmfile.o(i.nvmfile_read08)
    nvmfile_read16                           0x080066cf   Thumb Code    18  nvmfile.o(i.nvmfile_read16)
    nvmfile_read32                           0x080066e1   Thumb Code    10  nvmfile.o(i.nvmfile_read32)
    pid_reset                                0x080066ed   Thumb Code    16  pid.o(i.pid_reset)
    servo_pwm_generate                       0x08006709   Thumb Code    88  pwm.o(i.servo_pwm_generate)
    servo_pwm_init                           0x08006771   Thumb Code    60  pwm.o(i.servo_pwm_init)
    servo_release                            0x080067b1   Thumb Code    26  pwm.o(i.servo_release)
    set_motor_speed                          0x080067d5   Thumb Code    18  pwm.o(i.set_motor_speed)
    set_servo_position                       0x080067f1   Thumb Code    20  pwm.o(i.set_servo_position)
    shift_clear                              0x0800680d   Thumb Code     2  shift.o(i.shift_clear)
    shift_data                               0x0800680f   Thumb Code    22  shift.o(i.shift_data)
    shift_data_out                           0x08006825   Thumb Code     2  shift.o(i.shift_data_out)
    sqrt                                     0x08006827   Thumb Code   108  sqrt.o(i.sqrt)
    stack_add_sp                             0x08006895   Thumb Code    14  stack.o(i.stack_add_sp)
    stack_get_sp                             0x080068a9   Thumb Code     6  stack.o(i.stack_get_sp)
    stack_get_static                         0x080068b5   Thumb Code    12  stack.o(i.stack_get_static)
    stack_heap_id_in_use                     0x080068c5   Thumb Code    56  stack.o(i.stack_heap_id_in_use)
    stack_init                               0x08006905   Thumb Code    44  stack.o(i.stack_init)
    stack_is_empty                           0x08006939   Thumb Code    20  stack.o(i.stack_is_empty)
    stack_peek                               0x08006955   Thumb Code    14  stack.o(i.stack_peek)
    stack_peek_addr                          0x08006969   Thumb Code    20  stack.o(i.stack_peek_addr)
    stack_peek_float                         0x08006981   Thumb Code    20  stack.o(i.stack_peek_float)
    stack_peek_int                           0x08006999   Thumb Code    20  stack.o(i.stack_peek_int)
    stack_pop                                0x080069b1   Thumb Code    18  stack.o(i.stack_pop)
    stack_pop_addr                           0x080069c9   Thumb Code    24  stack.o(i.stack_pop_addr)
    stack_pop_float                          0x080069e5   Thumb Code    24  stack.o(i.stack_pop_float)
    stack_pop_int                            0x08006a01   Thumb Code    24  stack.o(i.stack_pop_int)
    stack_push                               0x08006a1d   Thumb Code    14  stack.o(i.stack_push)
    stack_save_base                          0x08006a31   Thumb Code    12  stack.o(i.stack_save_base)
    stack_set_static                         0x08006a41   Thumb Code    10  stack.o(i.stack_set_static)
    uart_available                           0x08006a51   Thumb Code     4  uart.o(i.uart_available)
    uart_init                                0x08006a55   Thumb Code    68  uart.o(i.uart_init)
    uart_putc                                0x08006aa1   Thumb Code    28  uart.o(i.uart_putc)
    uart_read_byte                           0x08006ac1   Thumb Code     4  uart.o(i.uart_read_byte)
    utils_memcpy                             0x08006ac5   Thumb Code    28  utils.o(i.utils_memcpy)
    utils_strlen                             0x08006ae1   Thumb Code    20  utils.o(i.utils_strlen)
    vm_get_addr                              0x08006af5   Thumb Code    46  vm.o(i.vm_get_addr)
    vm_init                                  0x08006b23   Thumb Code    24  vm.o(i.vm_init)
    vm_new                                   0x08006b3b   Thumb Code    60  vm.o(i.vm_new)
    vm_run                                   0x08006b79   Thumb Code  2656  vm.o(i.vm_run)
    wheelencoder_init                        0x080075e1   Thumb Code    42  wheelencoder.o(i.wheelencoder_init)
    COM_USART_CLK                            0x0800762c   Data           8  uart.o(.constdata)
    COM_TX_PORT_CLK                          0x08007634   Data           8  uart.o(.constdata)
    COM_RX_PORT_CLK                          0x0800763c   Data           8  uart.o(.constdata)
    COM_TX_PIN                               0x08007644   Data           4  uart.o(.constdata)
    COM_RX_PIN                               0x08007648   Data           4  uart.o(.constdata)
    COM_TX_PIN_SOURCE                        0x0800764c   Data           4  uart.o(.constdata)
    COM_RX_PIN_SOURCE                        0x08007650   Data           4  uart.o(.constdata)
    COM_TX_AF                                0x08007654   Data           4  uart.o(.constdata)
    COM_RX_AF                                0x08007658   Data           4  uart.o(.constdata)
    GPIO_PIN                                 0x0800765c   Data           8  stm32f4_discovery.o(.constdata)
    GPIO_CLK                                 0x08007664   Data          16  stm32f4_discovery.o(.constdata)
    BUTTON_PIN                               0x08007674   Data           2  stm32f4_discovery.o(.constdata)
    BUTTON_CLK                               0x08007678   Data           4  stm32f4_discovery.o(.constdata)
    BUTTON_EXTI_LINE                         0x0800767c   Data           2  stm32f4_discovery.o(.constdata)
    BUTTON_PORT_SOURCE                       0x0800767e   Data           1  stm32f4_discovery.o(.constdata)
    BUTTON_PIN_SOURCE                        0x0800767f   Data           1  stm32f4_discovery.o(.constdata)
    BUTTON_IRQn                              0x08007680   Data           1  stm32f4_discovery.o(.constdata)
    __mathlib_zero                           0x08007908   Data           8  qnan.o(.constdata)
    Region$$Table$$Base                      0x08007a60   Number         0  anon$$obj.o(Region$$Table)
    Region$$Table$$Limit                     0x08007a80   Number         0  anon$$obj.o(Region$$Table)
    SystemCoreClock                          0x20000000   Data           4  system_stm32f4xx.o(.data)
    AHBPrescTable                            0x20000004   Data          16  system_stm32f4xx.o(.data)
    heap_base                                0x20000014   Data           2  heap.o(.data)
    nvmfile_constant_count                   0x20002016   Data           1  nvmfile.o(.data)
    COM_USART                                0x20002024   Data           8  uart.o(.data)
    COM_TX_PORT                              0x2000202c   Data           8  uart.o(.data)
    COM_RX_PORT                              0x20002034   Data           8  uart.o(.data)
    test_count                               0x2000203c   Data           4  uart.o(.data)
    test_index                               0x20002040   Data           4  uart.o(.data)
    idex                                     0x20002044   Data           4  uart.o(.data)
    test                                     0x20002048   Data           1  uart.o(.data)
    locals                                   0x2000204c   Data           4  vm.o(.data)
    GPIO_PORT                                0x20002050   Data          16  stm32f4_discovery.o(.data)
    BUTTON_PORT                              0x20002060   Data           4  stm32f4_discovery.o(.data)
    NVIC_InitStructure                       0x20002064   Data           4  stm32f4_discovery.o(.data)
    Ch_Table                                 0x20002078   Data          16  adc.o(.data)
    GPIO_InitStructure                       0x20002088   Data           8  adc.o(.data)
    test_adcval                              0x20002090   Data           4  adc.o(.data)
    i                                        0x20002094   Data           4  adc.o(.data)
    ir_data                                  0x2000209e   Data           2  ir_rc5.o(.data)
    value_dis_l                              0x200020a2   Data           2  native_distancesensor.o(.data)
    value_dis_r                              0x200020a4   Data           2  native_distancesensor.o(.data)
    value_edge_l                             0x200020a6   Data           2  native_edgedetector.o(.data)
    value_edge_r                             0x200020a8   Data           2  native_edgedetector.o(.data)
    value_sen_l                              0x200020aa   Data           2  native_ldrsensor.o(.data)
    value_sen_r                              0x200020ac   Data           2  native_ldrsensor.o(.data)
    test_argdata                             0x200020b4   Data           4  native_linedetector.o(.data)
    test_argdata2                            0x200020b8   Data           4  native_linedetector.o(.data)
    adc_data                                 0x200020bc   Data           4  native_linedetector.o(.data)
    value_l                                  0x200020c0   Data           2  native_linedetector.o(.data)
    value_r                                  0x200020c2   Data           2  native_linedetector.o(.data)
    pid_left_speed                           0x200020c4   Data           2  pid.o(.data)
    pid_right_speed                          0x200020c6   Data           2  pid.o(.data)
    pid_left_value                           0x200020c8   Data           2  pid.o(.data)
    pid_right_value                          0x200020ca   Data           2  pid.o(.data)
    pid_left_cnt                             0x200020cc   Data           1  pid.o(.data)
    pid_right_cnt                            0x200020cd   Data           1  pid.o(.data)
    pid_mode                                 0x200020ce   Data           1  pid.o(.data)
    CCR1_Val                                 0x200020dc   Data           2  pwm.o(.data)
    CCR2_Val                                 0x200020de   Data           2  pwm.o(.data)
    CCR3_Val                                 0x200020e0   Data           2  pwm.o(.data)
    CCR4_Val                                 0x200020e2   Data           2  pwm.o(.data)
    PrescalerValue                           0x200020e4   Data           2  pwm.o(.data)
    pwm_servo_1                              0x200020e6   Data           1  pwm.o(.data)
    pwm_servo_2                              0x200020e7   Data           1  pwm.o(.data)
    pwm_motor_l                              0x200020e8   Data           2  pwm.o(.data)
    pwm_motor_r                              0x200020ea   Data           2  pwm.o(.data)
    pwm_servo_1_cnt                          0x200020ec   Data           2  pwm.o(.data)
    pwm_servo_2_cnt                          0x200020ee   Data           2  pwm.o(.data)
    pwm_motor_l_cnt                          0x200020f0   Data           2  pwm.o(.data)
    pwm_motor_r_cnt                          0x200020f2   Data           2  pwm.o(.data)
    pwm_timer_sub                            0x200020f4   Data           2  pwm.o(.data)
    pwm_timer_ms                             0x200020f6   Data           2  pwm.o(.data)
    pwm_timer_sec                            0x200020f8   Data           4  pwm.o(.data)
    pwm_value1                               0x200020fc   Data           4  pwm.o(.data)
    pwm_value2                               0x20002100   Data           4  pwm.o(.data)
    pwm_tick                                 0x20002104   Data           4  pwm.o(.data)
    servo_pwm_tick                           0x20002108   Data           4  pwm.o(.data)
    shift_reg_led                            0x2000210c   Data           1  shift.o(.data)
    shift_reg_ena                            0x2000210d   Data           1  shift.o(.data)
    enc_l                                    0x2000210e   Data           1  wheelencoder.o(.data)
    enc_r                                    0x2000210f   Data           1  wheelencoder.o(.data)
    enc_l_cnt                                0x20002110   Data           1  wheelencoder.o(.data)
    enc_r_cnt                                0x20002111   Data           1  wheelencoder.o(.data)
    wheelencoder_l                           0x20002112   Data           2  wheelencoder.o(.data)
    wheelencoder_r                           0x20002114   Data           2  wheelencoder.o(.data)
    inc_l                                    0x20002116   Data           1  wheelencoder.o(.data)
    inc_r                                    0x20002117   Data           1  wheelencoder.o(.data)
    heap                                     0x20002120   Data        1024  heap.o(.bss)
    USART_InitStructure                      0x20002520   Data          16  uart.o(.bss)
    TIM_TimeBaseStructure                    0x20002530   Data          12  pwm.o(.bss)
    TIM_OCInitStructure                      0x2000253c   Data          20  pwm.o(.bss)
    servo_value                              0x20002550   Data          32  pwm.o(.bss)
    servo_flag                               0x20002570   Data          32  pwm.o(.bss)
    __initial_sp                             0x20002990   Data           0  startup_stm32f4xx.o(STACK)



==============================================================================

Memory Map of the image

  Image Entry point : 0x08000189

  Load Region LR_IROM1 (Base: 0x08000000, Size: 0x00009ba0, Max: 0x00100000, ABSOLUTE, COMPRESSED[0x00007bf0])

    Execution Region ER_IROM1 (Base: 0x08000000, Size: 0x00007a80, Max: 0x00100000, ABSOLUTE)

    Base Addr    Size         Type   Attr      Idx    E Section Name        Object

    0x08000000   0x00000188   Data   RO            3    RESET               startup_stm32f4xx.o
    0x08000188   0x00000000   Code   RO         3054  * .ARM.Collect$$$$00000000  mc_w.l(entry.o)
    0x08000188   0x00000004   Code   RO         3103    .ARM.Collect$$$$00000001  mc_w.l(entry2.o)
    0x0800018c   0x00000004   Code   RO         3106    .ARM.Collect$$$$00000004  mc_w.l(entry5.o)
    0x08000190   0x00000000   Code   RO         3108    .ARM.Collect$$$$00000008  mc_w.l(entry7b.o)
    0x08000190   0x00000008   Code   RO         3109    .ARM.Collect$$$$00000009  mc_w.l(entry8.o)
    0x08000198   0x00000004   Code   RO         3104    .ARM.Collect$$$$00002712  mc_w.l(entry2.o)
    0x0800019c   0x00000024   Code   RO            4    .text               startup_stm32f4xx.o
    0x080001c0   0x00000024   Code   RO         3057    .text               mc_w.l(rand.o)
    0x080001e4   0x00000024   Code   RO         3060    .text               mc_w.l(memcpya.o)
    0x08000208   0x0000014c   Code   RO         3064    .text               mf_w.l(dadd.o)
    0x08000354   0x000000e0   Code   RO         3066    .text               mf_w.l(dmul.o)
    0x08000434   0x00000022   Code   RO         3068    .text               mf_w.l(dflti.o)
    0x08000456   0x0000003e   Code   RO         3070    .text               mf_w.l(dfixi.o)
    0x08000494   0x0000002c   Code   RO         3072    .text               mf_w.l(f2d.o)
    0x080004c0   0x00000038   Code   RO         3074    .text               mf_w.l(d2f.o)
    0x080004f8   0x0000001e   Code   RO         3110    .text               mc_w.l(llshl.o)
    0x08000516   0x00000020   Code   RO         3112    .text               mc_w.l(llushr.o)
    0x08000536   0x00000024   Code   RO         3114    .text               mc_w.l(llsshr.o)
    0x0800055a   0x00000000   Code   RO         3123    .text               mc_w.l(iusefp.o)
    0x0800055a   0x0000006c   Code   RO         3124    .text               mf_w.l(fepilogue.o)
    0x080005c6   0x000000be   Code   RO         3126    .text               mf_w.l(depilogue.o)
    0x08000684   0x000000de   Code   RO         3128    .text               mf_w.l(ddiv.o)
    0x08000762   0x0000002e   Code   RO         3132    .text               mf_w.l(dscalb.o)
    0x08000790   0x000000a2   Code   RO         3134    .text               mf_w.l(dsqrt.o)
    0x08000832   0x00000002   PAD
    0x08000834   0x00000028   Code   RO         3136    .text               mf_w.l(cdcmple.o)
    0x0800085c   0x00000028   Code   RO         3138    .text               mf_w.l(cdrcmple.o)
    0x08000884   0x00000024   Code   RO         3140    .text               mc_w.l(init.o)
    0x080008a8   0x0000001a   Code   RO         3142    .text               mf_w.l(dfltui.o)
    0x080008c2   0x0000005c   Code   RO         3152    .text               mc_w.l(__dczerorl2.o)
    0x0800091e   0x00000016   Code   RO         1934    i.ADC_Cmd           adc.o
    0x08000934   0x00000038   Code   RO         1935    i.ADC_CommonInit    adc.o
    0x0800096c   0x00000030   Code   RO         1936    i.ADC_Conversion_Data  adc.o
    0x0800099c   0x00000012   Code   RO         1939    i.ADC_GetFlagStatus  adc.o
    0x080009ae   0x00000002   PAD
    0x080009b0   0x00000054   Code   RO         1940    i.ADC_Init          adc.o
    0x08000a04   0x000000ba   Code   RO         1942    i.ADC_RegularChannelConfig  adc.o
    0x08000abe   0x0000000a   Code   RO         1943    i.ADC_SoftwareStartConv  adc.o
    0x08000ac8   0x00000004   Code   RO          211    i.BusFault_Handler  stm32f4xx_it.o
    0x08000acc   0x00000002   Code   RO          212    i.DebugMon_Handler  stm32f4xx_it.o
    0x08000ace   0x00000090   Code   RO         1543    i.GPIO_Init         stm32f4xx_gpio.o
    0x08000b5e   0x00000046   Code   RO         1544    i.GPIO_PinAFConfig  stm32f4xx_gpio.o
    0x08000ba4   0x00000004   Code   RO         1550    i.GPIO_ResetBits    stm32f4xx_gpio.o
    0x08000ba8   0x00000004   Code   RO         1551    i.GPIO_SetBits      stm32f4xx_gpio.o
    0x08000bac   0x0000000a   Code   RO         1555    i.GPIO_WriteBit     stm32f4xx_gpio.o
    0x08000bb6   0x00000004   Code   RO          213    i.HardFault_Handler  stm32f4xx_it.o
    0x08000bba   0x00000004   Code   RO          214    i.MemManage_Handler  stm32f4xx_it.o
    0x08000bbe   0x00000002   Code   RO          215    i.NMI_Handler       stm32f4xx_it.o
    0x08000bc0   0x00000002   Code   RO          216    i.PendSV_Handler    stm32f4xx_it.o
    0x08000bc2   0x00000002   PAD
    0x08000bc4   0x00000020   Code   RO         1142    i.RCC_AHB1PeriphClockCmd  stm32f4xx_rcc.o
    0x08000be4   0x00000020   Code   RO         1151    i.RCC_APB1PeriphClockCmd  stm32f4xx_rcc.o
    0x08000c04   0x00000020   Code   RO         1154    i.RCC_APB2PeriphClockCmd  stm32f4xx_rcc.o
    0x08000c24   0x000000e0   Code   RO         1163    i.RCC_GetClocksFreq  stm32f4xx_rcc.o
    0x08000d04   0x000000f0   Code   RO          958    i.STM_EVAL_COMInit  uart.o
    0x08000df4   0x00000018   Code   RO         1094    i.STM_EVAL_LEDOn    stm32f4_discovery.o
    0x08000e0c   0x00000002   Code   RO          217    i.SVC_Handler       stm32f4xx_it.o
    0x08000e0e   0x00000002   PAD
    0x08000e10   0x000000d8   Code   RO           11    i.SetSysClock       system_stm32f4xx.o
    0x08000ee8   0x0000000c   Code   RO          218    i.SysTick_Handler   stm32f4xx_it.o
    0x08000ef4   0x00000068   Code   RO           13    i.SystemInit        system_stm32f4xx.o
    0x08000f5c   0x00000018   Code   RO         2694    i.TIM_Cmd           pwm.o
    0x08000f74   0x00000058   Code   RO         2261    i.TIM_Config        native_clock.o
    0x08000fcc   0x00000084   Code   RO         2705    i.TIM_TimeBaseInit  pwm.o
    0x08001050   0x00000018   Code   RO         1750    i.USART_Cmd         stm32f4xx_usart.o
    0x08001068   0x0000001a   Code   RO         1753    i.USART_GetFlagStatus  stm32f4xx_usart.o
    0x08001082   0x00000002   PAD
    0x08001084   0x000000d4   Code   RO         1757    i.USART_Init        stm32f4xx_usart.o
    0x08001158   0x00000008   Code   RO         1767    i.USART_SendData    stm32f4xx_usart.o
    0x08001160   0x00000004   Code   RO          219    i.UsageFault_Handler  stm32f4xx_it.o
    0x08001164   0x00000030   Code   RO         3081    i.__ARM_fpclassify  m_wm.l(fpclassify.o)
    0x08001194   0x00000004   PAD
    0x08001198   0x00000350   Code   RO         2892    i.__hardfp_acos     m_wm.l(acos.o)
    0x080014e8   0x00000370   Code   RO         2906    i.__hardfp_asin     m_wm.l(asin.o)
    0x08001858   0x000002e8   Code   RO         2920    i.__hardfp_atan     m_wm.l(atan.o)
    0x08001b40   0x000001e8   Code   RO         2934    i.__hardfp_atan2    m_wm.l(atan2.o)
    0x08001d28   0x00000118   Code   RO         2946    i.__hardfp_ceil     m_wm.l(ceil.o)
    0x08001e40   0x000000d8   Code   RO         2952    i.__hardfp_cos      m_wm.l(cos.o)
    0x08001f18   0x00000368   Code   RO         2964    i.__hardfp_exp      m_wm.l(exp.o)
    0x08002280   0x00000014   Code   RO         2978    i.__hardfp_fabs     m_wm.l(fabs.o)
    0x08002294   0x00000004   PAD
    0x08002298   0x00000118   Code   RO         2984    i.__hardfp_floor    m_wm.l(floor.o)
    0x080023b0   0x000003e4   Code   RO         2990    i.__hardfp_log      m_wm.l(log.o)
    0x08002794   0x00000004   PAD
    0x08002798   0x00000ca8   Code   RO         3004    i.__hardfp_pow      m_wm.l(pow.o)
    0x08003440   0x000000d8   Code   RO         3018    i.__hardfp_sin      m_wm.l(sin.o)
    0x08003518   0x00000078   Code   RO         3030    i.__hardfp_sqrt     m_wm.l(sqrt.o)
    0x08003590   0x000000a0   Code   RO         3042    i.__hardfp_tan      m_wm.l(tan.o)
    0x08003630   0x00000450   Code   RO         3086    i.__ieee754_rem_pio2  m_wm.l(rred.o)
    0x08003a80   0x00000170   Code   RO         3076    i.__kernel_cos      m_wm.l(cos_i.o)
    0x08003bf0   0x000000f8   Code   RO         3083    i.__kernel_poly     m_wm.l(poly.o)
    0x08003ce8   0x00000130   Code   RO         3091    i.__kernel_sin      m_wm.l(sin_i.o)
    0x08003e18   0x00000358   Code   RO         3097    i.__kernel_tan      m_wm.l(tan_i.o)
    0x08004170   0x00000020   Code   RO         3079    i.__mathlib_dbl_underflow  m_wm.l(dunder.o)
    0x08004190   0x0000000e   Code   RO         3146    i.__scatterload_copy  mc_w.l(handlers.o)
    0x0800419e   0x00000002   Code   RO         3147    i.__scatterload_null  mc_w.l(handlers.o)
    0x080041a0   0x0000000e   Code   RO         3148    i.__scatterload_zeroinit  mc_w.l(handlers.o)
    0x080041ae   0x00000002   PAD
    0x080041b0   0x0000000c   Code   RO         3118    i.__set_errno       mc_w.l(errno.o)
    0x080041bc   0x00000018   Code   RO         2051    i._delay_ms         delay.o
    0x080041d4   0x00000018   Code   RO         2052    i._delay_us         delay.o
    0x080041ec   0x000000a4   Code   RO         1946    i.adc_init          adc.o
    0x08004290   0x0000001c   Code   RO         1947    i.adc_read          adc.o
    0x080042ac   0x00000012   Code   RO          310    i.array_baload      array.o
    0x080042be   0x00000018   Code   RO          311    i.array_bastore     array.o
    0x080042d6   0x00000018   Code   RO          312    i.array_faload      array.o
    0x080042ee   0x00000024   Code   RO          313    i.array_fastore     array.o
    0x08004312   0x00000014   Code   RO          314    i.array_iaload      array.o
    0x08004326   0x0000001a   Code   RO          315    i.array_iastore     array.o
    0x08004340   0x00000020   Code   RO          316    i.array_length      array.o
    0x08004360   0x0000002c   Code   RO          317    i.array_new         array.o
    0x0800438c   0x0000002e   Code   RO          318    i.array_typelen     array.o
    0x080043ba   0x00000010   Code   RO         2922    i.atan              m_wm.l(atan.o)
    0x080043ca   0x00000002   PAD
    0x080043cc   0x00000020   Code   RO         2262    i.delay_ms          native_clock.o
    0x080043ec   0x00000018   Code   RO         2263    i.delay_us          native_clock.o
    0x08004404   0x00000010   Code   RO         2081    i.display_clear     display.o
    0x08004414   0x00000002   Code   RO         2082    i.display_cmd       display.o
    0x08004416   0x00000040   Code   RO         2083    i.display_cursor    display.o
    0x08004456   0x00000002   Code   RO         2084    i.display_data      display.o
    0x08004458   0x0000002e   Code   RO          382    i.error             error.o
    0x08004486   0x00000020   Code   RO         2980    i.fabs              m_wm.l(fabs.o)
    0x080044a6   0x00000002   PAD
    0x080044a8   0x0000006c   Code   RO          521    i.format_bool       native_formatter.o
    0x08004514   0x000002ac   Code   RO          522    i.format_float      native_formatter.o
    0x080047c0   0x000000f2   Code   RO          523    i.format_int        native_formatter.o
    0x080048b2   0x00000032   Code   RO          397    i.heap_alloc        heap.o
    0x080048e4   0x00000080   Code   RO          398    i.heap_alloc_internal  heap.o
    0x08004964   0x00000060   Code   RO          399    i.heap_fieldref     heap.o
    0x080049c4   0x00000088   Code   RO          400    i.heap_garbage_collect  heap.o
    0x08004a4c   0x00000018   Code   RO          401    i.heap_get_addr     heap.o
    0x08004a64   0x00000008   Code   RO          402    i.heap_get_base     heap.o
    0x08004a6c   0x0000001c   Code   RO          403    i.heap_get_len      heap.o
    0x08004a88   0x0000001c   Code   RO          404    i.heap_init         heap.o
    0x08004aa4   0x00000020   Code   RO          405    i.heap_memcpy_up    heap.o
    0x08004ac4   0x0000001e   Code   RO          406    i.heap_new_id       heap.o
    0x08004ae2   0x00000002   PAD
    0x08004ae4   0x00000064   Code   RO          407    i.heap_realloc      heap.o
    0x08004b48   0x00000038   Code   RO          408    i.heap_search       heap.o
    0x08004b80   0x00000060   Code   RO          410    i.heap_steal        heap.o
    0x08004be0   0x00000058   Code   RO          411    i.heap_unsteal      heap.o
    0x08004c38   0x00000036   Code   RO          524    i.inttostr          native_formatter.o
    0x08004c6e   0x00000002   Code   RO         2149    i.ir_init           ir_rc5.o
    0x08004c70   0x00000010   Code   RO         2150    i.ir_read           ir_rc5.o
    0x08004c80   0x00000014   Code   RO          146    i.main              nanovm.o
    0x08004c94   0x00000116   Code   RO          525    i.make_format_descr  native_formatter.o
    0x08004daa   0x00000002   PAD
    0x08004dac   0x00000020   Code   RO         2179    i.maus_image_prepare  mouse.o
    0x08004dcc   0x00000034   Code   RO         2180    i.maus_image_read   mouse.o
    0x08004e00   0x00000002   Code   RO         2181    i.maus_sens_init    mouse.o
    0x08004e02   0x00000016   Code   RO         2182    i.maus_sens_read    mouse.o
    0x08004e18   0x00000004   Code   RO         2183    i.maus_sens_readByte  mouse.o
    0x08004e1c   0x00000022   Code   RO         2184    i.maus_sens_write   mouse.o
    0x08004e3e   0x00000002   Code   RO         2185    i.maus_sens_writeByte  mouse.o
    0x08004e40   0x0000011c   Code   RO         2706    i.motor_pwm_generate  pwm.o
    0x08004f5c   0x0000003c   Code   RO         2707    i.motor_pwm_init    pwm.o
    0x08004f98   0x00000002   Code   RO         2232    i.native_ctbot_bot_init  native_bot.o
    0x08004f9a   0x00000002   PAD
    0x08004f9c   0x000000a0   Code   RO         2233    i.native_ctbot_bot_invoke  native_bot.o
    0x0800503c   0x00000008   Code   RO         2264    i.native_ctbot_clock_init  native_clock.o
    0x08005044   0x00000048   Code   RO         2265    i.native_ctbot_clock_invoke  native_clock.o
    0x0800508c   0x00000072   Code   RO         2308    i.native_ctbot_display_invoke  native_display.o
    0x080050fe   0x00000002   Code   RO         2331    i.native_ctbot_distsensor_init  native_distancesensor.o
    0x08005100   0x00000094   Code   RO         2332    i.native_ctbot_distsensor_invoke  native_distancesensor.o
    0x08005194   0x00000002   Code   RO         2355    i.native_ctbot_edgedetector_init  native_edgedetector.o
    0x08005196   0x00000002   PAD
    0x08005198   0x00000094   Code   RO         2356    i.native_ctbot_edgedetector_invoke  native_edgedetector.o
    0x0800522c   0x00000008   Code   RO         2447    i.native_ctbot_irreceiver_init  native_irreceiver.o
    0x08005234   0x00000018   Code   RO         2448    i.native_ctbot_irreceiver_invoke  native_irreceiver.o
    0x0800524c   0x00000002   Code   RO         2469    i.native_ctbot_ldrsensor_init  native_ldrsensor.o
    0x0800524e   0x00000002   PAD
    0x08005250   0x00000050   Code   RO         2470    i.native_ctbot_ldrsensor_invoke  native_ldrsensor.o
    0x080052a0   0x0000003c   Code   RO         2492    i.native_ctbot_leds_invoke  native_leds.o
    0x080052dc   0x00000002   Code   RO         2513    i.native_ctbot_lightbarrier_init  native_lightbarrier.o
    0x080052de   0x00000002   PAD
    0x080052e0   0x0000005c   Code   RO         2514    i.native_ctbot_lightbarrier_invoke  native_lightbarrier.o
    0x0800533c   0x00000002   Code   RO         2531    i.native_ctbot_linedetector_init  native_linedetector.o
    0x0800533e   0x00000002   PAD
    0x08005340   0x000000bc   Code   RO         2532    i.native_ctbot_linedetector_invoke  native_linedetector.o
    0x080053fc   0x00000008   Code   RO         2553    i.native_ctbot_motor_init  native_motor.o
    0x08005404   0x000000d0   Code   RO         2554    i.native_ctbot_motor_invoke  native_motor.o
    0x080054d4   0x00000008   Code   RO         2585    i.native_ctbot_mouse_init  native_mouse.o
    0x080054dc   0x0000007a   Code   RO         2586    i.native_ctbot_mouse_invoke  native_mouse.o
    0x08005556   0x00000008   Code   RO         2603    i.native_ctbot_servo_init  native_servo.o
    0x0800555e   0x00000038   Code   RO         2604    i.native_ctbot_servo_invoke  native_servo.o
    0x08005596   0x00000002   Code   RO         2621    i.native_ctbot_shuttersensor_init  native_shuttersensor.o
    0x08005598   0x0000005c   Code   RO         2622    i.native_ctbot_shuttersensor_invoke  native_shuttersensor.o
    0x080055f4   0x00000008   Code   RO         2639    i.native_ctbot_wheelencoder_init  native_wheelencoder.o
    0x080055fc   0x000000b0   Code   RO         2640    i.native_ctbot_wheelencoder_invoke  native_wheelencoder.o
    0x080056ac   0x00000142   Code   RO          527    i.native_formatter_invoke  native_formatter.o
    0x080057ee   0x00000002   PAD
    0x080057f0   0x00000094   Code   RO          616    i.native_ftoa       native_stdio.o
    0x08005884   0x00000016   Code   RO          804    i.native_getchar    nvmstring.o
    0x0800589a   0x00000002   PAD
    0x0800589c   0x000000b4   Code   RO         2380    i.native_init       native_impl.o
    0x08005950   0x0000015c   Code   RO         2381    i.native_invoke     native_impl.o
    0x08005aac   0x00000050   Code   RO          617    i.native_itoa       native_stdio.o
    0x08005afc   0x00000030   Code   RO          618    i.native_java_io_inputstream_invoke  native_stdio.o
    0x08005b2c   0x00000096   Code   RO          619    i.native_java_io_printstream_invoke  native_stdio.o
    0x08005bc2   0x00000014   Code   RO         2382    i.native_java_lang_object_invoke  native_impl.o
    0x08005bd6   0x00000146   Code   RO          620    i.native_java_lang_stringbuffer_invoke  native_stdio.o
    0x08005d1c   0x000005bc   Code   RO          593    i.native_math_invoke  native_math.o
    0x080062d8   0x00000028   Code   RO         2383    i.native_new        native_impl.o
    0x08006300   0x00000042   Code   RO          621    i.native_print      native_stdio.o
    0x08006342   0x0000001a   Code   RO          805    i.native_strcat     nvmstring.o
    0x0800635c   0x00000030   Code   RO          806    i.native_strcpy     nvmstring.o
    0x0800638c   0x00000032   Code   RO          807    i.native_strlen     nvmstring.o
    0x080063be   0x00000042   Code   RO          809    i.native_strncpy    nvmstring.o
    0x08006400   0x00000062   Code   RO         1019    i.nvm_float2stack   vm.o
    0x08006462   0x00000064   Code   RO         1020    i.nvm_stack2float   vm.o
    0x080064c6   0x0000000c   Code   RO         1021    i.nvm_stack2int     vm.o
    0x080064d2   0x00000002   PAD
    0x080064d4   0x00000044   Code   RO          678    i.nvmfile_call_main  nvmfile.o
    0x08006518   0x00000020   Code   RO          679    i.nvmfile_get_addr  nvmfile.o
    0x08006538   0x00000018   Code   RO          681    i.nvmfile_get_class_fields  nvmfile.o
    0x08006550   0x00000040   Code   RO          682    i.nvmfile_get_constant  nvmfile.o
    0x08006590   0x0000002c   Code   RO          683    i.nvmfile_get_method_by_class_and_id  nvmfile.o
    0x080065bc   0x00000050   Code   RO          684    i.nvmfile_get_method_by_fixed_class_and_id  nvmfile.o
    0x0800660c   0x0000001c   Code   RO          685    i.nvmfile_get_method_hdr  nvmfile.o
    0x08006628   0x00000010   Code   RO          686    i.nvmfile_get_static_fields  nvmfile.o
    0x08006638   0x0000006c   Code   RO          687    i.nvmfile_init      nvmfile.o
    0x080066a4   0x00000018   Code   RO          688    i.nvmfile_read      nvmfile.o
    0x080066bc   0x00000012   Code   RO          689    i.nvmfile_read08    nvmfile.o
    0x080066ce   0x00000012   Code   RO          690    i.nvmfile_read16    nvmfile.o
    0x080066e0   0x0000000a   Code   RO          691    i.nvmfile_read32    nvmfile.o
    0x080066ea   0x00000002   PAD
    0x080066ec   0x0000001c   Code   RO         2662    i.pid_reset         pid.o
    0x08006708   0x00000068   Code   RO         2708    i.servo_pwm_generate  pwm.o
    0x08006770   0x00000040   Code   RO         2709    i.servo_pwm_init    pwm.o
    0x080067b0   0x00000024   Code   RO         2710    i.servo_release     pwm.o
    0x080067d4   0x0000001c   Code   RO         2711    i.set_motor_speed   pwm.o
    0x080067f0   0x0000001c   Code   RO         2712    i.set_servo_position  pwm.o
    0x0800680c   0x00000002   Code   RO         2829    i.shift_clear       shift.o
    0x0800680e   0x00000016   Code   RO         2830    i.shift_data        shift.o
    0x08006824   0x00000002   Code   RO         2831    i.shift_data_out    shift.o
    0x08006826   0x0000006c   Code   RO         3032    i.sqrt              m_wm.l(sqrt.o)
    0x08006892   0x00000002   PAD
    0x08006894   0x00000014   Code   RO          846    i.stack_add_sp      stack.o
    0x080068a8   0x0000000c   Code   RO          847    i.stack_get_sp      stack.o
    0x080068b4   0x00000010   Code   RO          848    i.stack_get_static  stack.o
    0x080068c4   0x00000040   Code   RO          849    i.stack_heap_id_in_use  stack.o
    0x08006904   0x00000034   Code   RO          850    i.stack_init        stack.o
    0x08006938   0x0000001c   Code   RO          851    i.stack_is_empty    stack.o
    0x08006954   0x00000014   Code   RO          852    i.stack_peek        stack.o
    0x08006968   0x00000018   Code   RO          853    i.stack_peek_addr   stack.o
    0x08006980   0x00000018   Code   RO          854    i.stack_peek_float  stack.o
    0x08006998   0x00000018   Code   RO          855    i.stack_peek_int    stack.o
    0x080069b0   0x00000018   Code   RO          856    i.stack_pop         stack.o
    0x080069c8   0x0000001c   Code   RO          857    i.stack_pop_addr    stack.o
    0x080069e4   0x0000001c   Code   RO          858    i.stack_pop_float   stack.o
    0x08006a00   0x0000001c   Code   RO          859    i.stack_pop_int     stack.o
    0x08006a1c   0x00000014   Code   RO          860    i.stack_push        stack.o
    0x08006a30   0x00000010   Code   RO          861    i.stack_save_base   stack.o
    0x08006a40   0x00000010   Code   RO          862    i.stack_set_static  stack.o
    0x08006a50   0x00000004   Code   RO          959    i.uart_available    uart.o
    0x08006a54   0x0000004c   Code   RO          960    i.uart_init         uart.o
    0x08006aa0   0x00000020   Code   RO          961    i.uart_putc         uart.o
    0x08006ac0   0x00000004   Code   RO          962    i.uart_read_byte    uart.o
    0x08006ac4   0x0000001c   Code   RO         1073    i.utils_memcpy      utils.o
    0x08006ae0   0x00000014   Code   RO         1074    i.utils_strlen      utils.o
    0x08006af4   0x0000002e   Code   RO         1022    i.vm_get_addr       vm.o
    0x08006b22   0x00000018   Code   RO         1023    i.vm_init           vm.o
    0x08006b3a   0x0000003c   Code   RO         1024    i.vm_new            vm.o
    0x08006b76   0x00000002   PAD
    0x08006b78   0x00000a68   Code   RO         1025    i.vm_run            vm.o
    0x080075e0   0x0000004c   Code   RO         2865    i.wheelencoder_init  wheelencoder.o
    0x0800762c   0x00000030   Data   RO          965    .constdata          uart.o
    0x0800765c   0x00000025   Data   RO         1098    .constdata          stm32f4_discovery.o
    0x08007681   0x00000007   PAD
    0x08007688   0x00000050   Data   RO         2895    .constdata          m_wm.l(acos.o)
    0x080076d8   0x00000050   Data   RO         2909    .constdata          m_wm.l(asin.o)
    0x08007728   0x00000098   Data   RO         2923    .constdata          m_wm.l(atan.o)
    0x080077c0   0x00000058   Data   RO         2967    .constdata          m_wm.l(exp.o)
    0x08007818   0x00000038   Data   RO         2993    .constdata          m_wm.l(log.o)
    0x08007850   0x00000088   Data   RO         3007    .constdata          m_wm.l(pow.o)
    0x080078d8   0x00000030   Data   RO         3077    .constdata          m_wm.l(cos_i.o)
    0x08007908   0x00000008   Data   RO         3085    .constdata          m_wm.l(qnan.o)
    0x08007910   0x000000c8   Data   RO         3088    .constdata          m_wm.l(rred.o)
    0x080079d8   0x00000028   Data   RO         3092    .constdata          m_wm.l(sin_i.o)
    0x08007a00   0x00000060   Data   RO         3098    .constdata          m_wm.l(tan_i.o)
    0x08007a60   0x00000020   Data   RO         3144    Region$$Table       anon$$obj.o


    Execution Region RW_IRAM1 (Base: 0x20000000, Size: 0x00002990, Max: 0x00020000, ABSOLUTE, COMPRESSED[0x00000170])

    Base Addr    Size         Type   Attr      Idx    E Section Name        Object

    0x20000000   0x00000014   Data   RW           14    .data               system_stm32f4xx.o
    0x20000014   0x00000002   Data   RW          413    .data               heap.o
    0x20000016   0x00002001   Data   RW          696    .data               nvmfile.o
    0x20002017   0x00000001   PAD
    0x20002018   0x0000000c   Data   RW          863    .data               stack.o
    0x20002024   0x00000025   Data   RW          966    .data               uart.o
    0x20002049   0x00000003   PAD
    0x2000204c   0x00000004   Data   RW         1026    .data               vm.o
    0x20002050   0x00000018   Data   RW         1099    .data               stm32f4_discovery.o
    0x20002068   0x00000010   Data   RW         1186    .data               stm32f4xx_rcc.o
    0x20002078   0x00000020   Data   RW         1951    .data               adc.o
    0x20002098   0x00000008   Data   RW         2152    .data               ir_rc5.o
    0x200020a0   0x00000001   Data   RW         2186    .data               mouse.o
    0x200020a1   0x00000001   PAD
    0x200020a2   0x00000004   Data   RW         2333    .data               native_distancesensor.o
    0x200020a6   0x00000004   Data   RW         2357    .data               native_edgedetector.o
    0x200020aa   0x00000004   Data   RW         2471    .data               native_ldrsensor.o
    0x200020ae   0x00000002   PAD
    0x200020b0   0x00000004   Data   RW         2493    .data               native_leds.o
    0x200020b4   0x00000010   Data   RW         2533    .data               native_linedetector.o
    0x200020c4   0x00000018   Data   RW         2665    .data               pid.o
    0x200020dc   0x00000030   Data   RW         2714    .data               pwm.o
    0x2000210c   0x00000002   Data   RW         2833    .data               shift.o
    0x2000210e   0x0000000a   Data   RW         2867    .data               wheelencoder.o
    0x20002118   0x00000004   Data   RW         3058    .data               mc_w.l(rand.o)
    0x2000211c   0x00000004   Data   RW         3119    .data               mc_w.l(errno.o)
    0x20002120   0x00000400   Zero   RW          412    .bss                heap.o
    0x20002520   0x00000010   Zero   RW          964    .bss                uart.o
    0x20002530   0x00000060   Zero   RW         2713    .bss                pwm.o
    0x20002590   0x00000400   Zero   RW            1    STACK               startup_stm32f4xx.o


==============================================================================

Image component sizes


      Code (inc. data)   RO Data    RW Data    ZI Data      Debug   Object Name

       616         52          0         32          0       7835   adc.o
       270          0          0          0          0       7168   array.o
        48          0          0          0          0       1156   delay.o
        84          0          0          0          0       2222   display.o
        46          0          0          0          0        516   error.o
       900         72          0          2       1024       9462   heap.o
        18          4          0          8          0       2078   ir_rc5.o
         0          0          0          0          0      12964   misc.o
       148         12          0          1          0       4102   mouse.o
        20          0          0          0          0       4268   nanovm.o
       162          6          0          0          0       1350   native_bot.o
       224         28          0          0          0       3109   native_clock.o
       114          0          0          0          0        902   native_display.o
       150         14          0          4          0       1658   native_distancesensor.o
       150         14          0          4          0       1664   native_edgedetector.o
      1688         38          0          0          0       6827   native_formatter.o
       588         14          0          0          0      21059   native_impl.o
        32          0          0          0          0       1252   native_irreceiver.o
        82         10          0          4          0       1596   native_ldrsensor.o
        60          6          0          4          0        651   native_leds.o
        94          4          0          0          0       1324   native_lightbarrier.o
       190         20          0         16          0       1734   native_linedetector.o
      1468         14          0          0          0       1489   native_math.o
       216         18          0          0          0       1626   native_motor.o
       130          0          0          0          0       1442   native_mouse.o
        64          0          0          0          0       1326   native_servo.o
        94          4          0          0          0       1334   native_shuttersensor.o
       818          8          0          0          0       4571   native_stdio.o
       184         20          0          0          0       1508   native_wheelencoder.o
       534         54          0       8193          0       9624   nvmfile.o
       212          0          0          0          0       3090   nvmstring.o
        28         12          0         24          0       2020   pid.o
       760         98          0         48         96       7541   pwm.o
        26          0          0          2          0       1990   shift.o
       444         92          0         12          0       9498   stack.o
        36          8        392          0       1024        968   startup_stm32f4xx.o
        24          8         37         24          0       1790   stm32f4_discovery.o
       232          0          0          0          0      10507   stm32f4xx_gpio.o
        36          0          0          0          0     225626   stm32f4xx_it.o
       320         36          0         16          0      17895   stm32f4xx_rcc.o
       270          8          0          0          0       9828   stm32f4xx_usart.o
       320         34          0         20          0     260221   system_stm32f4xx.o
       356         62         48         37         16       9293   uart.o
        48          0          0          0          0       1478   utils.o
      3004         28          0          4          0       7459   vm.o
        76         34          0         10          0       1464   wheelencoder.o

    ----------------------------------------------------------------------
     15416        832        516       8472       2160     688485   Object Totals
         0          0         32          0          0          0   (incl. Generated)
        32          0          7          7          0          0   (incl. Padding)

    ----------------------------------------------------------------------

      Code (inc. data)   RO Data    RW Data    ZI Data      Debug   Library Member Name

       848        110         80          0          0        196   acos.o
       880        106         80          0          0        200   asin.o
       760        108        152          0          0        344   atan.o
       488         66          0          0          0        160   atan2.o
       280         28          0          0          0        156   ceil.o
       216         16          0          0          0        156   cos.o
       368         46         48          0          0        204   cos_i.o
        32          8          0          0          0        124   dunder.o
       872        146         88          0          0        224   exp.o
        52          0          0          0          0        248   fabs.o
       280         28          0          0          0        156   floor.o
        48          0          0          0          0        124   fpclassify.o
       996        108         56          0          0        232   log.o
       248          0          0          0          0        152   poly.o
      3240        310        136          0          0        220   pow.o
         0          0          8          0          0          0   qnan.o
      1104        142        200          0          0        188   rred.o
       216         16          0          0          0        156   sin.o
       304         24         40          0          0        208   sin_i.o
       228          0          0          0          0        296   sqrt.o
       160         18          0          0          0        156   tan.o
       856         84         96          0          0        196   tan_i.o
        92          0          0          0          0          0   __dczerorl2.o
         0          0          0          0          0          0   entry.o
         8          4          0          0          0          0   entry2.o
         4          0          0          0          0          0   entry5.o
         0          0          0          0          0          0   entry7b.o
         8          4          0          0          0          0   entry8.o
        12          6          0          4          0         68   errno.o
        30          0          0          0          0          0   handlers.o
        36          8          0          0          0         68   init.o
         0          0          0          0          0          0   iusefp.o
        30          0          0          0          0         68   llshl.o
        36          0          0          0          0         68   llsshr.o
        32          0          0          0          0         68   llushr.o
        36          0          0          0          0         68   memcpya.o
        36         10          0          4          0        136   rand.o
        40          2          0          0          0         68   cdcmple.o
        40          2          0          0          0         68   cdrcmple.o
        56          0          0          0          0         88   d2f.o
       332          0          0          0          0        148   dadd.o
       222          0          0          0          0        100   ddiv.o
       190          0          0          0          0        176   depilogue.o
        62          0          0          0          0         80   dfixi.o
        34          0          0          0          0         76   dflti.o
        26          0          0          0          0         76   dfltui.o
       224          0          0          0          0         96   dmul.o
        46          0          0          0          0         80   dscalb.o
       162          0          0          0          0        100   dsqrt.o
        44          0          0          0          0         68   f2d.o
       108          0          0          0          0        168   fepilogue.o

    ----------------------------------------------------------------------
     14444       1404        984          8          0       6032   Library Totals
        22          4          0          0          0          0   (incl. Padding)

    ----------------------------------------------------------------------

      Code (inc. data)   RO Data    RW Data    ZI Data      Debug   Library Name

     12476       1364        984          0          0       4096   m_wm.l
       360         32          0          8          0        544   mc_w.l
      1586          4          0          0          0       1392   mf_w.l

    ----------------------------------------------------------------------
     14444       1404        984          8          0       6032   Library Totals

    ----------------------------------------------------------------------

==============================================================================


      Code (inc. data)   RO Data    RW Data    ZI Data      Debug   

     29860       2236       1500       8480       2160     673629   Grand Totals
     29860       2236       1500        368       2160     673629   ELF Image Totals (compressed)
     29860       2236       1500        368          0          0   ROM Totals

==============================================================================

    Total RO  Size (Code + RO Data)                31360 (  30.63kB)
    Total RW  Size (RW Data + ZI Data)             10640 (  10.39kB)
    Total ROM Size (Code + RO Data + RW Data)      31728 (  30.98kB)

==============================================================================

